2025-08-08 18:31:51,398 - Knowledge - INFO - Redis support added with prefix knowledge:b8610md:
2025-08-08 18:31:51,531 - Knowledge - INFO - load persisted knowledge: begin
2025-08-08 18:31:51,537 - Knowledge - INFO - load persisted knowledge: end
2025-08-08 18:31:51,537 - Knowledge - INFO - load persisted docinfo: begin
2025-08-08 18:31:51,539 - Knowledge - INFO - load persisted docinfo: end
2025-08-08 18:31:51,563 - Knowledge - INFO - worker kw1 created with dedicated MongoDB connection (total: 1)
2025-08-08 18:31:51,564 - Knowledge - INFO - knowledge worker kw1 start
2025-08-08 18:31:51,565 - Knowledge - INFO - worker kw1 pull /app/data/b2c/4002/b8610md/react-note-app-4002/src/serviceWorker.ts from ingest queue
2025-08-08 18:31:51,567 - Knowledge - INFO - worker kw2 created with dedicated MongoDB connection (total: 2)
2025-08-08 18:31:51,568 - Knowledge - INFO - knowledge worker kw2 start
2025-08-08 18:31:51,569 - Knowledge - INFO - worker kw2 pull /app/data/b2c/4002/b8610md/react-note-app-4002/src/react-app-env.d.ts from ingest queue
2025-08-08 18:31:51,570 - Knowledge - INFO - worker kw3 created with dedicated MongoDB connection (total: 3)
2025-08-08 18:31:51,571 - Knowledge - INFO - knowledge worker kw3 start
2025-08-08 18:31:51,573 - Knowledge - INFO - worker kw4 created with dedicated MongoDB connection (total: 4)
2025-08-08 18:31:51,573 - Knowledge - INFO - knowledge worker kw4 start
2025-08-08 18:31:51,575 - Knowledge - INFO - worker kw5 created with dedicated MongoDB connection (total: 5)
2025-08-08 18:31:51,576 - Knowledge - INFO - knowledge worker kw5 start
2025-08-08 18:31:51,577 - Knowledge - INFO - worker kw5 pull /app/data/b2c/4002/b8610md/react-note-app-4002/src/components/About.tsx from ingest queue
2025-08-08 18:31:51,577 - Knowledge - INFO - worker kw6 created with dedicated MongoDB connection (total: 6)
2025-08-08 18:31:51,578 - Knowledge - INFO - knowledge worker kw6 start
2025-08-08 18:31:51,580 - Knowledge - INFO - worker kw6 pull /app/data/b2c/4002/b8610md/react-note-app-4002/src/components/Auth/Login.tsx from ingest queue
2025-08-08 18:31:51,581 - Knowledge - INFO - worker kw7 created with dedicated MongoDB connection (total: 7)
2025-08-08 18:31:51,582 - Knowledge - INFO - knowledge worker kw7 start
2025-08-08 18:31:51,583 - Knowledge - INFO - worker kw8 created with dedicated MongoDB connection (total: 8)
2025-08-08 18:31:51,584 - Knowledge - INFO - knowledge worker kw8 start
2025-08-08 18:31:51,585 - Knowledge - INFO - worker kw9 created with dedicated MongoDB connection (total: 9)
2025-08-08 18:31:51,585 - Knowledge - INFO - knowledge worker kw9 start
2025-08-08 18:31:51,587 - Knowledge - INFO - worker kw10 created with dedicated MongoDB connection (total: 10)
2025-08-08 18:31:51,587 - Knowledge - INFO - knowledge worker kw10 start
2025-08-08 18:31:51,588 - Knowledge - INFO - worker kw11 created with dedicated MongoDB connection (total: 11)
2025-08-08 18:31:51,589 - Knowledge - INFO - knowledge worker kw11 start
2025-08-08 18:31:51,590 - Knowledge - INFO - worker kw12 created with dedicated MongoDB connection (total: 12)
2025-08-08 18:31:51,590 - Knowledge - INFO - knowledge worker kw12 start
2025-08-08 18:31:51,591 - Knowledge - INFO - worker kw13 created with dedicated MongoDB connection (total: 13)
2025-08-08 18:31:51,592 - Knowledge - INFO - knowledge worker kw13 start
2025-08-08 18:31:51,593 - Knowledge - INFO - worker kw3 pull /app/data/b2c/4002/b8610md/react-note-app-4002/src/components/Home.tsx from ingest queue
2025-08-08 18:31:51,594 - Knowledge - INFO - worker kw13 pull /app/data/b2c/4002/b8610md/react-note-app-4002/src/components/AppFooter.tsx from ingest queue
2025-08-08 18:31:51,595 - Knowledge - INFO - worker kw12 pull /app/data/b2c/4002/b8610md/react-note-app-4002/src/components/AppHeader.tsx from ingest queue
2025-08-08 18:31:51,596 - Knowledge - INFO - worker kw10 pull /app/data/b2c/4002/b8610md/react-note-app-4002/src/components/Routes.tsx from ingest queue
2025-08-08 18:31:51,599 - Knowledge - INFO - worker kw8 pull /app/data/b2c/4002/b8610md/react-note-app-4002/src/App.tsx from ingest queue
2025-08-08 18:31:51,599 - Knowledge - INFO - worker kw11 pull /app/data/b2c/4002/b8610md/react-note-app-4002/src/index.tsx from ingest queue
2025-08-08 18:31:51,603 - Knowledge - INFO - worker kw14 created with dedicated MongoDB connection (total: 14)
2025-08-08 18:31:51,603 - Knowledge - INFO - knowledge worker kw14 start
2025-08-08 18:31:51,604 - Knowledge - INFO - worker kw14 pull /app/data/b2c/4002/b8610md/react-note-app-4002/src/context/AuthContext.tsx from ingest queue
2025-08-08 18:31:51,607 - Knowledge - INFO - worker kw4 pull /app/data/b2c/4002/b8610md/react-note-app-4002/src/context/AppContext.tsx from ingest queue
2025-08-08 18:31:51,613 - Knowledge - INFO - worker kw7 pull /app/data/b2c/4002/b8610md/react-note-app-4002/src/types/index.ts from ingest queue
2025-08-08 18:31:51,615 - Knowledge - INFO - worker kw15 created with dedicated MongoDB connection (total: 15)
2025-08-08 18:31:51,619 - Knowledge - INFO - knowledge worker kw15 start
2025-08-08 18:31:51,620 - Knowledge - INFO - worker kw9 pull /app/data/b2c/4002/b8610md/react-note-app-4002/src/reducers/asyncReducer.ts from ingest queue
2025-08-08 18:31:51,650 - Knowledge - INFO - worker kw16 created with dedicated MongoDB connection (total: 16)
2025-08-08 18:31:51,688 - Knowledge - INFO - worker kw15 pull /app/data/b2c/4002/b8610md/react-note-app-4002/src/mocks/index.ts from ingest queue
2025-08-08 18:31:51,701 - Knowledge - INFO - knowledge worker kw16 start
2025-08-08 18:31:51,704 - Knowledge - INFO - process ingested knowledge for /app/data/b2c/4002/b8610md/react-note-app-4002/src/react-app-env.d.ts
2025-08-08 18:31:51,706 - Knowledge - INFO - worker kw16 pull /app/data/b2c/4002/b8610md/react-note-app-4002/src/tailwind.css from ingest queue
2025-08-08 18:31:51,711 - Knowledge - INFO - worker kw17 created with dedicated MongoDB connection (total: 17)
2025-08-08 18:31:51,712 - Knowledge - INFO - process ingested knowledge for /app/data/b2c/4002/b8610md/react-note-app-4002/src/serviceWorker.ts
2025-08-08 18:31:51,716 - Knowledge - INFO - Found code-base-name: https://github.com/kavia-common/react-note-app-4002.git:kavia-master
2025-08-08 18:31:51,716 - Knowledge - INFO - Found code_base: <app.utils.kg_build.knowledge.KnowledgeCodeBase object at 0x7f68b80cf150>
2025-08-08 18:31:51,716 - Knowledge - INFO - persist ingested knowledge for /app/data/b2c/4002/b8610md/react-note-app-4002/src/react-app-env.d.ts
2025-08-08 18:31:51,717 - Knowledge - INFO - knowledge worker kw17 start
2025-08-08 18:31:51,722 - Knowledge - INFO - process ingested knowledge for /app/data/b2c/4002/b8610md/react-note-app-4002/src/components/AppHeader.tsx
2025-08-08 18:31:51,725 - Knowledge - INFO - process ingested knowledge for /app/data/b2c/4002/b8610md/react-note-app-4002/src/components/About.tsx
2025-08-08 18:31:51,727 - Knowledge - INFO - worker kw18 created with dedicated MongoDB connection (total: 18)
2025-08-08 18:31:51,794 - Knowledge - INFO - knowledge worker kw18 start
2025-08-08 18:31:51,797 - Knowledge - INFO - process ingested knowledge for /app/data/b2c/4002/b8610md/react-note-app-4002/src/components/Routes.tsx
2025-08-08 18:31:51,800 - Knowledge - INFO - worker kw19 created with dedicated MongoDB connection (total: 19)
2025-08-08 18:31:51,802 - Knowledge - INFO - knowledge worker kw19 start
2025-08-08 18:31:51,807 - Knowledge - INFO - worker kw20 created with dedicated MongoDB connection (total: 20)
2025-08-08 18:31:51,807 - Knowledge - INFO - knowledge worker kw20 start
2025-08-08 18:31:51,815 - Knowledge - INFO - process ingested knowledge for /app/data/b2c/4002/b8610md/react-note-app-4002/src/components/Auth/Login.tsx
2025-08-08 18:31:51,815 - Knowledge - INFO - process ingested knowledge for /app/data/b2c/4002/b8610md/react-note-app-4002/src/components/AppFooter.tsx
2025-08-08 18:31:51,817 - Knowledge - WARNING - High connection count: 21 connections active
2025-08-08 18:31:51,817 - Knowledge - INFO - worker kw21 created with dedicated MongoDB connection (total: 21)
2025-08-08 18:31:51,817 - Knowledge - INFO - knowledge worker kw21 start
2025-08-08 18:31:51,819 - Knowledge - INFO - process ingested knowledge for /app/data/b2c/4002/b8610md/react-note-app-4002/src/tailwind.css
2025-08-08 18:31:51,822 - Knowledge - INFO - process ingested knowledge for /app/data/b2c/4002/b8610md/react-note-app-4002/src/reducers/asyncReducer.ts
2025-08-08 18:31:51,889 - Knowledge - INFO - process ingested knowledge for /app/data/b2c/4002/b8610md/react-note-app-4002/src/types/index.ts
2025-08-08 18:31:51,892 - Knowledge - WARNING - High connection count: 22 connections active
2025-08-08 18:31:51,892 - Knowledge - INFO - worker kw22 created with dedicated MongoDB connection (total: 22)
2025-08-08 18:31:51,893 - Knowledge - INFO - knowledge worker kw22 start
2025-08-08 18:31:51,894 - Knowledge - INFO - process ingested knowledge for /app/data/b2c/4002/b8610md/react-note-app-4002/src/App.tsx
2025-08-08 18:31:51,895 - Knowledge - INFO - process ingested knowledge for /app/data/b2c/4002/b8610md/react-note-app-4002/src/index.tsx
2025-08-08 18:31:51,897 - Knowledge - INFO - process ingested knowledge for /app/data/b2c/4002/b8610md/react-note-app-4002/src/mocks/index.ts
2025-08-08 18:31:51,898 - Knowledge - INFO - process ingested knowledge for /app/data/b2c/4002/b8610md/react-note-app-4002/src/components/Home.tsx
2025-08-08 18:31:51,899 - Knowledge - WARNING - High connection count: 23 connections active
2025-08-08 18:31:51,899 - Knowledge - INFO - worker kw23 created with dedicated MongoDB connection (total: 23)
2025-08-08 18:31:51,899 - Knowledge - INFO - process ingested knowledge for /app/data/b2c/4002/b8610md/react-note-app-4002/src/context/AuthContext.tsx
2025-08-08 18:31:51,899 - Knowledge - INFO - knowledge worker kw23 start
2025-08-08 18:31:51,903 - Knowledge - WARNING - High connection count: 24 connections active
2025-08-08 18:31:51,903 - Knowledge - INFO - worker kw24 created with dedicated MongoDB connection (total: 24)
2025-08-08 18:31:51,906 - Knowledge - INFO - knowledge worker kw24 start
2025-08-08 18:31:51,909 - Knowledge - INFO - process ingested knowledge for /app/data/b2c/4002/b8610md/react-note-app-4002/src/context/AppContext.tsx
2025-08-08 18:31:51,910 - Knowledge - WARNING - High connection count: 25 connections active
2025-08-08 18:31:51,910 - Knowledge - INFO - worker kw25 created with dedicated MongoDB connection (total: 25)
2025-08-08 18:31:51,910 - Knowledge - INFO - knowledge worker kw25 start
2025-08-08 18:31:51,926 - Knowledge - INFO - worker kw17 pull /app/data/b2c/4002/b8610md/react-note-app-4002/src/__tests__/components/AppHeader.test.tsx from ingest queue
2025-08-08 18:31:51,926 - Knowledge - INFO - Found code-base-name: https://github.com/kavia-common/react-note-app-4002.git:kavia-master
2025-08-08 18:31:51,926 - Knowledge - INFO - Found code_base: <app.utils.kg_build.knowledge.KnowledgeCodeBase object at 0x7f68b80cf150>
2025-08-08 18:31:51,926 - Knowledge - INFO - persist ingested knowledge for /app/data/b2c/4002/b8610md/react-note-app-4002/src/serviceWorker.ts
2025-08-08 18:31:51,927 - Knowledge - INFO - Found code-base-name: https://github.com/kavia-common/react-note-app-4002.git:kavia-master
2025-08-08 18:31:51,927 - Knowledge - INFO - Found code_base: <app.utils.kg_build.knowledge.KnowledgeCodeBase object at 0x7f68b80cf150>
2025-08-08 18:31:51,927 - Knowledge - INFO - persist ingested knowledge for /app/data/b2c/4002/b8610md/react-note-app-4002/src/components/AppHeader.tsx
2025-08-08 18:31:51,955 - Knowledge - INFO - process ingested knowledge for /app/data/b2c/4002/b8610md/react-note-app-4002/src/__tests__/components/AppHeader.test.tsx
2025-08-08 18:31:51,989 - Knowledge - INFO - worker kw18 pull /app/data/b2c/4002/b8610md/react-note-app-4002/src/__tests__/components/AppFooter.test.tsx from ingest queue
2025-08-08 18:31:51,990 - Knowledge - INFO - Found code-base-name: https://github.com/kavia-common/react-note-app-4002.git:kavia-master
2025-08-08 18:31:51,990 - Knowledge - INFO - Found code_base: <app.utils.kg_build.knowledge.KnowledgeCodeBase object at 0x7f68b80cf150>
2025-08-08 18:31:51,990 - Knowledge - INFO - persist ingested knowledge for /app/data/b2c/4002/b8610md/react-note-app-4002/src/components/Routes.tsx
2025-08-08 18:31:51,991 - Knowledge - INFO - worker kw19 pull /app/data/b2c/4002/b8610md/react-note-app-4002/src/__tests__/context/AuthContext.test.tsx from ingest queue
2025-08-08 18:31:51,994 - Knowledge - INFO - worker kw20 pull /app/data/b2c/4002/b8610md/react-note-app-4002/package.json from ingest queue
2025-08-08 18:31:51,995 - Knowledge - INFO - worker kw21 pull /app/data/b2c/4002/b8610md/react-note-app-4002/tslint.json from ingest queue
2025-08-08 18:31:51,996 - Knowledge - INFO - Found code-base-name: https://github.com/kavia-common/react-note-app-4002.git:kavia-master
2025-08-08 18:31:51,996 - Knowledge - INFO - Found code_base: <app.utils.kg_build.knowledge.KnowledgeCodeBase object at 0x7f68b80cf150>
2025-08-08 18:31:51,996 - Knowledge - INFO - persist ingested knowledge for /app/data/b2c/4002/b8610md/react-note-app-4002/src/components/Auth/Login.tsx
2025-08-08 18:31:51,997 - Knowledge - INFO - Found code-base-name: https://github.com/kavia-common/react-note-app-4002.git:kavia-master
2025-08-08 18:31:51,997 - Knowledge - INFO - Found code_base: <app.utils.kg_build.knowledge.KnowledgeCodeBase object at 0x7f68b80cf150>
2025-08-08 18:31:51,997 - Knowledge - INFO - persist ingested knowledge for /app/data/b2c/4002/b8610md/react-note-app-4002/src/components/AppFooter.tsx
2025-08-08 18:31:51,998 - Knowledge - INFO - Found code-base-name: https://github.com/kavia-common/react-note-app-4002.git:kavia-master
2025-08-08 18:31:51,998 - Knowledge - INFO - Found code_base: <app.utils.kg_build.knowledge.KnowledgeCodeBase object at 0x7f68b80cf150>
2025-08-08 18:31:51,998 - Knowledge - INFO - persist ingested knowledge for /app/data/b2c/4002/b8610md/react-note-app-4002/src/tailwind.css
2025-08-08 18:31:51,998 - Knowledge - INFO - Found code-base-name: https://github.com/kavia-common/react-note-app-4002.git:kavia-master
2025-08-08 18:31:51,998 - Knowledge - INFO - Found code_base: <app.utils.kg_build.knowledge.KnowledgeCodeBase object at 0x7f68b80cf150>
2025-08-08 18:31:51,998 - Knowledge - INFO - persist ingested knowledge for /app/data/b2c/4002/b8610md/react-note-app-4002/src/reducers/asyncReducer.ts
2025-08-08 18:31:51,998 - Knowledge - INFO - worker kw22 pull /app/data/b2c/4002/b8610md/react-note-app-4002/tsconfig.json from ingest queue
2025-08-08 18:31:51,999 - Knowledge - INFO - Found code-base-name: https://github.com/kavia-common/react-note-app-4002.git:kavia-master
2025-08-08 18:31:51,999 - Knowledge - INFO - Found code_base: <app.utils.kg_build.knowledge.KnowledgeCodeBase object at 0x7f68b80cf150>
2025-08-08 18:31:51,999 - Knowledge - INFO - persist ingested knowledge for /app/data/b2c/4002/b8610md/react-note-app-4002/src/types/index.ts
2025-08-08 18:31:52,005 - Knowledge - INFO - Found code-base-name: https://github.com/kavia-common/react-note-app-4002.git:kavia-master
2025-08-08 18:31:52,005 - Knowledge - INFO - Found code_base: <app.utils.kg_build.knowledge.KnowledgeCodeBase object at 0x7f68b80cf150>
2025-08-08 18:31:52,005 - Knowledge - INFO - persist ingested knowledge for /app/data/b2c/4002/b8610md/react-note-app-4002/src/App.tsx
2025-08-08 18:31:52,005 - Knowledge - INFO - Found code-base-name: https://github.com/kavia-common/react-note-app-4002.git:kavia-master
2025-08-08 18:31:52,005 - Knowledge - INFO - Found code_base: <app.utils.kg_build.knowledge.KnowledgeCodeBase object at 0x7f68b80cf150>
2025-08-08 18:31:52,005 - Knowledge - INFO - persist ingested knowledge for /app/data/b2c/4002/b8610md/react-note-app-4002/src/index.tsx
2025-08-08 18:31:52,007 - Knowledge - INFO - Found code-base-name: https://github.com/kavia-common/react-note-app-4002.git:kavia-master
2025-08-08 18:31:52,007 - Knowledge - INFO - Found code_base: <app.utils.kg_build.knowledge.KnowledgeCodeBase object at 0x7f68b80cf150>
2025-08-08 18:31:52,007 - Knowledge - INFO - persist ingested knowledge for /app/data/b2c/4002/b8610md/react-note-app-4002/src/components/Home.tsx
2025-08-08 18:31:52,010 - Knowledge - INFO - worker kw24 pull /app/data/b2c/4002/b8610md/react-note-app-4002/README.md from ingest queue
2025-08-08 18:31:52,010 - Knowledge - INFO - Found code-base-name: https://github.com/kavia-common/react-note-app-4002.git:kavia-master
2025-08-08 18:31:52,010 - Knowledge - INFO - Found code_base: <app.utils.kg_build.knowledge.KnowledgeCodeBase object at 0x7f68b80cf150>
2025-08-08 18:31:52,011 - Knowledge - INFO - persist ingested knowledge for /app/data/b2c/4002/b8610md/react-note-app-4002/src/mocks/index.ts
2025-08-08 18:31:52,011 - Knowledge - INFO - worker kw23 pull /app/data/b2c/4002/b8610md/react-note-app-4002/tailwind.config.js from ingest queue
2025-08-08 18:31:52,012 - Knowledge - INFO - Found code-base-name: https://github.com/kavia-common/react-note-app-4002.git:kavia-master
2025-08-08 18:31:52,013 - Knowledge - INFO - Found code_base: <app.utils.kg_build.knowledge.KnowledgeCodeBase object at 0x7f68b80cf150>
2025-08-08 18:31:52,013 - Knowledge - INFO - persist ingested knowledge for /app/data/b2c/4002/b8610md/react-note-app-4002/src/context/AuthContext.tsx
2025-08-08 18:31:52,018 - Knowledge - INFO - worker kw25 pull /app/data/b2c/4002/b8610md/react-note-app-4002/public/index.html from ingest queue
2025-08-08 18:31:52,018 - Knowledge - INFO - Found code-base-name: https://github.com/kavia-common/react-note-app-4002.git:kavia-master
2025-08-08 18:31:52,018 - Knowledge - INFO - Found code_base: <app.utils.kg_build.knowledge.KnowledgeCodeBase object at 0x7f68b80cf150>
2025-08-08 18:31:52,018 - Knowledge - INFO - persist ingested knowledge for /app/data/b2c/4002/b8610md/react-note-app-4002/src/context/AppContext.tsx
2025-08-08 18:31:52,020 - Knowledge - INFO - adding /app/data/b2c/4002/b8610md/react-note-app-4002/src/react-app-env.d.ts to ingest queue
2025-08-08 18:31:52,041 - Knowledge - INFO - process ingested knowledge for /app/data/b2c/4002/b8610md/react-note-app-4002/src/__tests__/context/AuthContext.test.tsx
2025-08-08 18:31:52,041 - Knowledge - INFO - process ingested knowledge for /app/data/b2c/4002/b8610md/react-note-app-4002/src/__tests__/components/AppFooter.test.tsx
2025-08-08 18:31:52,053 - Knowledge - INFO - process ingested knowledge for /app/data/b2c/4002/b8610md/react-note-app-4002/tslint.json
2025-08-08 18:31:52,090 - Knowledge - INFO - process ingested knowledge for /app/data/b2c/4002/b8610md/react-note-app-4002/package.json
2025-08-08 18:31:52,097 - Knowledge - INFO - process ingested knowledge for /app/data/b2c/4002/b8610md/react-note-app-4002/tsconfig.json
2025-08-08 18:31:52,101 - Knowledge - INFO - process ingested knowledge for /app/data/b2c/4002/b8610md/react-note-app-4002/README.md
2025-08-08 18:31:52,106 - Knowledge - INFO - process ingested knowledge for /app/data/b2c/4002/b8610md/react-note-app-4002/public/index.html
2025-08-08 18:31:52,112 - Knowledge - INFO - process ingested knowledge for /app/data/b2c/4002/b8610md/react-note-app-4002/tailwind.config.js
2025-08-08 18:31:52,119 - Knowledge - INFO - Found code-base-name: https://github.com/kavia-common/react-note-app-4002.git:kavia-master
2025-08-08 18:31:52,119 - Knowledge - INFO - Found code_base: <app.utils.kg_build.knowledge.KnowledgeCodeBase object at 0x7f68b80cf150>
2025-08-08 18:31:52,119 - Knowledge - INFO - persist ingested knowledge for /app/data/b2c/4002/b8610md/react-note-app-4002/src/components/About.tsx
2025-08-08 18:31:52,120 - Knowledge - INFO - Found code-base-name: https://github.com/kavia-common/react-note-app-4002.git:kavia-master
2025-08-08 18:31:52,120 - Knowledge - INFO - Found code_base: <app.utils.kg_build.knowledge.KnowledgeCodeBase object at 0x7f68b80cf150>
2025-08-08 18:31:52,120 - Knowledge - INFO - persist ingested knowledge for /app/data/b2c/4002/b8610md/react-note-app-4002/src/__tests__/components/AppHeader.test.tsx
2025-08-08 18:31:52,175 - Knowledge - INFO - adding /app/data/b2c/4002/b8610md/react-note-app-4002/src/components/AppHeader.tsx to ingest queue
2025-08-08 18:31:52,176 - Knowledge - INFO - worker kw12 pull /app/data/b2c/4002/b8610md/react-note-app-4002/public/robots.txt from ingest queue
2025-08-08 18:31:52,203 - Knowledge - INFO - process ingested knowledge for /app/data/b2c/4002/b8610md/react-note-app-4002/public/robots.txt
2025-08-08 18:31:52,437 - Knowledge - INFO - adding /app/data/b2c/4002/b8610md/react-note-app-4002/src/index.tsx to ingest queue
2025-08-08 18:31:52,587 - Knowledge - INFO - worker kw2 pull /app/data/b2c/4002/b8610md/react-note-app-4002/public/manifest.json from ingest queue
2025-08-08 18:31:52,589 - Knowledge - INFO - Found code-base-name: https://github.com/kavia-common/react-note-app-4002.git:kavia-master
2025-08-08 18:31:52,589 - Knowledge - INFO - Found code_base: <app.utils.kg_build.knowledge.KnowledgeCodeBase object at 0x7f68b80cf150>
2025-08-08 18:31:52,589 - Knowledge - INFO - persist ingested knowledge for /app/data/b2c/4002/b8610md/react-note-app-4002/src/__tests__/context/AuthContext.test.tsx
2025-08-08 18:31:52,590 - Knowledge - INFO - Found code-base-name: https://github.com/kavia-common/react-note-app-4002.git:kavia-master
2025-08-08 18:31:52,590 - Knowledge - INFO - Found code_base: <app.utils.kg_build.knowledge.KnowledgeCodeBase object at 0x7f68b80cf150>
2025-08-08 18:31:52,590 - Knowledge - INFO - persist ingested knowledge for /app/data/b2c/4002/b8610md/react-note-app-4002/tslint.json
2025-08-08 18:31:52,592 - Knowledge - INFO - Found code-base-name: https://github.com/kavia-common/react-note-app-4002.git:kavia-master
2025-08-08 18:31:52,592 - Knowledge - INFO - Found code_base: <app.utils.kg_build.knowledge.KnowledgeCodeBase object at 0x7f68b80cf150>
2025-08-08 18:31:52,592 - Knowledge - INFO - persist ingested knowledge for /app/data/b2c/4002/b8610md/react-note-app-4002/package.json
2025-08-08 18:31:52,594 - Knowledge - INFO - Found code-base-name: https://github.com/kavia-common/react-note-app-4002.git:kavia-master
2025-08-08 18:31:52,594 - Knowledge - INFO - Found code_base: <app.utils.kg_build.knowledge.KnowledgeCodeBase object at 0x7f68b80cf150>
2025-08-08 18:31:52,594 - Knowledge - INFO - persist ingested knowledge for /app/data/b2c/4002/b8610md/react-note-app-4002/tsconfig.json
2025-08-08 18:31:52,595 - Knowledge - INFO - Found code-base-name: https://github.com/kavia-common/react-note-app-4002.git:kavia-master
2025-08-08 18:31:52,595 - Knowledge - INFO - Found code_base: <app.utils.kg_build.knowledge.KnowledgeCodeBase object at 0x7f68b80cf150>
2025-08-08 18:31:52,595 - Knowledge - INFO - persist ingested knowledge for /app/data/b2c/4002/b8610md/react-note-app-4002/README.md
2025-08-08 18:31:52,595 - Knowledge - INFO - Found code-base-name: https://github.com/kavia-common/react-note-app-4002.git:kavia-master
2025-08-08 18:31:52,595 - Knowledge - INFO - Found code_base: <app.utils.kg_build.knowledge.KnowledgeCodeBase object at 0x7f68b80cf150>
2025-08-08 18:31:52,595 - Knowledge - INFO - persist ingested knowledge for /app/data/b2c/4002/b8610md/react-note-app-4002/public/index.html
2025-08-08 18:31:52,595 - Knowledge - INFO - Found code-base-name: https://github.com/kavia-common/react-note-app-4002.git:kavia-master
2025-08-08 18:31:52,595 - Knowledge - INFO - Found code_base: <app.utils.kg_build.knowledge.KnowledgeCodeBase object at 0x7f68b80cf150>
2025-08-08 18:31:52,595 - Knowledge - INFO - persist ingested knowledge for /app/data/b2c/4002/b8610md/react-note-app-4002/tailwind.config.js
2025-08-08 18:31:52,617 - Knowledge - INFO - process ingested knowledge for /app/data/b2c/4002/b8610md/react-note-app-4002/public/manifest.json
2025-08-08 18:31:52,653 - Knowledge - INFO - adding /app/data/b2c/4002/b8610md/react-note-app-4002/src/serviceWorker.ts to ingest queue
2025-08-08 18:31:52,803 - Knowledge - INFO - adding /app/data/b2c/4002/b8610md/react-note-app-4002/src/components/Routes.tsx to ingest queue
2025-08-08 18:31:52,804 - Knowledge - INFO - Found code-base-name: https://github.com/kavia-common/react-note-app-4002.git:kavia-master
2025-08-08 18:31:52,804 - Knowledge - INFO - Found code_base: <app.utils.kg_build.knowledge.KnowledgeCodeBase object at 0x7f68b80cf150>
2025-08-08 18:31:52,804 - Knowledge - INFO - persist ingested knowledge for /app/data/b2c/4002/b8610md/react-note-app-4002/public/robots.txt
2025-08-08 18:31:52,804 - Knowledge - INFO - adding /app/data/b2c/4002/b8610md/react-note-app-4002/src/components/AppFooter.tsx to ingest queue
2025-08-08 18:31:52,804 - Knowledge - INFO - adding /app/data/b2c/4002/b8610md/react-note-app-4002/src/reducers/asyncReducer.ts to ingest queue
2025-08-08 18:31:52,805 - Knowledge - INFO - adding /app/data/b2c/4002/b8610md/react-note-app-4002/src/App.tsx to ingest queue
2025-08-08 18:31:52,856 - Knowledge - INFO - worker kw11 pull /app/data/b2c/4002/b8610md/react-note-app-4002/src/react-app-env.d.ts from ingest queue
2025-08-08 18:31:52,857 - Knowledge - INFO - Thread kw11 - File react-app-env.d.ts - Remaining files in queue: 7
2025-08-08 18:31:52,857 - Knowledge - INFO - start ingest for /app/data/b2c/4002/b8610md/react-note-app-4002/src/react-app-env.d.ts
2025-08-08 18:31:52,858 - Knowledge - INFO - adding /app/data/b2c/4002/b8610md/react-note-app-4002/src/mocks/index.ts to ingest queue
2025-08-08 18:31:52,858 - Knowledge - INFO - adding /app/data/b2c/4002/b8610md/react-note-app-4002/src/context/AppContext.tsx to ingest queue
2025-08-08 18:31:52,859 - Knowledge - INFO - Found code-base-name: https://github.com/kavia-common/react-note-app-4002.git:kavia-master
2025-08-08 18:31:52,859 - Knowledge - INFO - Found code_base: <app.utils.kg_build.knowledge.KnowledgeCodeBase object at 0x7f68b80cf150>
2025-08-08 18:31:52,859 - Knowledge - INFO - persist ingested knowledge for /app/data/b2c/4002/b8610md/react-note-app-4002/src/__tests__/components/AppFooter.test.tsx
2025-08-08 18:31:52,860 - Knowledge - INFO - Fast-track processing for simple file: /app/data/b2c/4002/b8610md/react-note-app-4002/src/react-app-env.d.ts
2025-08-08 18:31:52,860 - Knowledge - INFO - done fast ingest for /app/data/b2c/4002/b8610md/react-note-app-4002/src/react-app-env.d.ts
2025-08-08 18:31:52,871 - Knowledge - INFO - process ingested knowledge for /app/data/b2c/4002/b8610md/react-note-app-4002/src/react-app-env.d.ts
2025-08-08 18:31:53,230 - Knowledge - INFO - Found code-base-name: https://github.com/kavia-common/react-note-app-4002.git:kavia-master
2025-08-08 18:31:53,230 - Knowledge - INFO - Found code_base: <app.utils.kg_build.knowledge.KnowledgeCodeBase object at 0x7f68b80cf150>
2025-08-08 18:31:53,230 - Knowledge - INFO - persist ingested knowledge for /app/data/b2c/4002/b8610md/react-note-app-4002/public/manifest.json
2025-08-08 18:31:53,230 - Knowledge - INFO - adding /app/data/b2c/4002/b8610md/react-note-app-4002/src/components/About.tsx to ingest queue
2025-08-08 18:31:53,231 - Knowledge - INFO - worker kw1 pull /app/data/b2c/4002/b8610md/react-note-app-4002/src/components/AppHeader.tsx from ingest queue
2025-08-08 18:31:53,231 - Knowledge - INFO - Thread kw1 - File AppHeader.tsx - Remaining files in queue: 9
2025-08-08 18:31:53,231 - Knowledge - INFO - start ingest for /app/data/b2c/4002/b8610md/react-note-app-4002/src/components/AppHeader.tsx
2025-08-08 18:31:53,231 - Knowledge - INFO - adding /app/data/b2c/4002/b8610md/react-note-app-4002/src/__tests__/components/AppHeader.test.tsx to ingest queue
2025-08-08 18:31:53,315 - Knowledge - INFO - adding /app/data/b2c/4002/b8610md/react-note-app-4002/src/components/Auth/Login.tsx to ingest queue
2025-08-08 18:31:53,316 - Knowledge - INFO - worker kw13 pull /app/data/b2c/4002/b8610md/react-note-app-4002/src/index.tsx from ingest queue
2025-08-08 18:31:53,316 - Knowledge - INFO - Thread kw13 - File index.tsx - Remaining files in queue: 10
2025-08-08 18:31:53,316 - Knowledge - INFO - start ingest for /app/data/b2c/4002/b8610md/react-note-app-4002/src/index.tsx
2025-08-08 18:31:53,317 - Knowledge - INFO - adding /app/data/b2c/4002/b8610md/react-note-app-4002/src/types/index.ts to ingest queue
2025-08-08 18:31:53,319 - Knowledge - INFO - worker kw9 pull /app/data/b2c/4002/b8610md/react-note-app-4002/src/serviceWorker.ts from ingest queue
2025-08-08 18:31:53,319 - Knowledge - INFO - Thread kw9 - File serviceWorker.ts - Remaining files in queue: 10
2025-08-08 18:31:53,319 - Knowledge - INFO - start ingest for /app/data/b2c/4002/b8610md/react-note-app-4002/src/serviceWorker.ts
2025-08-08 18:31:53,320 - Knowledge - INFO - adding /app/data/b2c/4002/b8610md/react-note-app-4002/src/context/AuthContext.tsx to ingest queue
2025-08-08 18:31:53,322 - Knowledge - INFO - adding /app/data/b2c/4002/b8610md/react-note-app-4002/src/components/Home.tsx to ingest queue
2025-08-08 18:31:53,322 - Knowledge - INFO - worker kw15 pull /app/data/b2c/4002/b8610md/react-note-app-4002/src/components/Routes.tsx from ingest queue
2025-08-08 18:31:53,322 - Knowledge - INFO - Thread kw15 - File Routes.tsx - Remaining files in queue: 11
2025-08-08 18:31:53,323 - Knowledge - INFO - start ingest for /app/data/b2c/4002/b8610md/react-note-app-4002/src/components/Routes.tsx
2025-08-08 18:31:53,326 - Knowledge - INFO - Fast-track processing for simple file: /app/data/b2c/4002/b8610md/react-note-app-4002/src/index.tsx
2025-08-08 18:31:53,326 - Knowledge - INFO - done fast ingest for /app/data/b2c/4002/b8610md/react-note-app-4002/src/index.tsx
2025-08-08 18:31:53,344 - Knowledge - INFO - process ingested knowledge for /app/data/b2c/4002/b8610md/react-note-app-4002/src/index.tsx
2025-08-08 18:31:53,442 - Knowledge - INFO - Found code-base-name: https://github.com/kavia-common/react-note-app-4002.git:kavia-master
2025-08-08 18:31:53,442 - Knowledge - INFO - Found code_base: <app.utils.kg_build.knowledge.KnowledgeCodeBase object at 0x7f68b80cf150>
2025-08-08 18:31:53,442 - Knowledge - INFO - persist ingested knowledge for /app/data/b2c/4002/b8610md/react-note-app-4002/src/react-app-env.d.ts
2025-08-08 18:31:53,442 - Knowledge - INFO - adding /app/data/b2c/4002/b8610md/react-note-app-4002/src/__tests__/components/AppFooter.test.tsx to ingest queue
2025-08-08 18:31:53,444 - Knowledge - INFO - adding /app/data/b2c/4002/b8610md/react-note-app-4002/tslint.json to ingest queue
2025-08-08 18:31:53,444 - Knowledge - INFO - worker kw18 pull /app/data/b2c/4002/b8610md/react-note-app-4002/src/components/AppFooter.tsx from ingest queue
2025-08-08 18:31:53,444 - Knowledge - INFO - Thread kw18 - File AppFooter.tsx - Remaining files in queue: 12
2025-08-08 18:31:53,445 - Knowledge - INFO - start ingest for /app/data/b2c/4002/b8610md/react-note-app-4002/src/components/AppFooter.tsx
2025-08-08 18:31:53,445 - Knowledge - INFO - adding /app/data/b2c/4002/b8610md/react-note-app-4002/tsconfig.json to ingest queue
2025-08-08 18:31:53,445 - Knowledge - INFO - adding /app/data/b2c/4002/b8610md/react-note-app-4002/public/index.html to ingest queue
2025-08-08 18:31:53,448 - Knowledge - INFO - Fast-track processing for simple file: /app/data/b2c/4002/b8610md/react-note-app-4002/src/components/AppFooter.tsx
2025-08-08 18:31:53,448 - Knowledge - INFO - done fast ingest for /app/data/b2c/4002/b8610md/react-note-app-4002/src/components/AppFooter.tsx
2025-08-08 18:31:53,494 - Knowledge - INFO - process ingested knowledge for /app/data/b2c/4002/b8610md/react-note-app-4002/src/components/AppFooter.tsx
2025-08-08 18:31:53,795 - Knowledge - INFO - adding /app/data/b2c/4002/b8610md/react-note-app-4002/tailwind.config.js to ingest queue
2025-08-08 18:31:53,801 - Knowledge - INFO - adding /app/data/b2c/4002/b8610md/react-note-app-4002/src/tailwind.css to ingest queue
2025-08-08 18:31:53,801 - Knowledge - INFO - worker kw5 pull /app/data/b2c/4002/b8610md/react-note-app-4002/src/reducers/asyncReducer.ts from ingest queue
2025-08-08 18:31:53,801 - Knowledge - INFO - Thread kw5 - File asyncReducer.ts - Remaining files in queue: 15
2025-08-08 18:31:53,802 - Knowledge - INFO - start ingest for /app/data/b2c/4002/b8610md/react-note-app-4002/src/reducers/asyncReducer.ts
2025-08-08 18:31:53,802 - Knowledge - INFO - worker kw17 pull /app/data/b2c/4002/b8610md/react-note-app-4002/src/App.tsx from ingest queue
2025-08-08 18:31:53,802 - Knowledge - INFO - Thread kw17 - File App.tsx - Remaining files in queue: 14
2025-08-08 18:31:53,802 - Knowledge - INFO - start ingest for /app/data/b2c/4002/b8610md/react-note-app-4002/src/App.tsx
2025-08-08 18:31:53,809 - Knowledge - INFO - worker kw7 pull /app/data/b2c/4002/b8610md/react-note-app-4002/src/mocks/index.ts from ingest queue
2025-08-08 18:31:53,809 - Knowledge - INFO - Thread kw7 - File index.ts - Remaining files in queue: 13
2025-08-08 18:31:53,809 - Knowledge - INFO - start ingest for /app/data/b2c/4002/b8610md/react-note-app-4002/src/mocks/index.ts
2025-08-08 18:31:53,819 - Knowledge - INFO - worker kw8 pull /app/data/b2c/4002/b8610md/react-note-app-4002/src/context/AppContext.tsx from ingest queue
2025-08-08 18:31:53,819 - Knowledge - INFO - Thread kw8 - File AppContext.tsx - Remaining files in queue: 12
2025-08-08 18:31:53,820 - Knowledge - INFO - worker kw3 pull /app/data/b2c/4002/b8610md/react-note-app-4002/src/components/About.tsx from ingest queue
2025-08-08 18:31:53,820 - Knowledge - INFO - Thread kw3 - File About.tsx - Remaining files in queue: 11
2025-08-08 18:31:53,821 - Knowledge - INFO - start ingest for /app/data/b2c/4002/b8610md/react-note-app-4002/src/components/About.tsx
2025-08-08 18:31:53,821 - Knowledge - INFO - Found code-base-name: https://github.com/kavia-common/react-note-app-4002.git:kavia-master
2025-08-08 18:31:53,821 - Knowledge - INFO - Found code_base: <app.utils.kg_build.knowledge.KnowledgeCodeBase object at 0x7f68b80cf150>
2025-08-08 18:31:53,821 - Knowledge - INFO - persist ingested knowledge for /app/data/b2c/4002/b8610md/react-note-app-4002/src/index.tsx
2025-08-08 18:31:53,823 - Knowledge - INFO - adding /app/data/b2c/4002/b8610md/react-note-app-4002/package.json to ingest queue
2025-08-08 18:31:53,830 - Knowledge - INFO - adding /app/data/b2c/4002/b8610md/react-note-app-4002/README.md to ingest queue
2025-08-08 18:31:53,830 - Knowledge - INFO - start ingest for /app/data/b2c/4002/b8610md/react-note-app-4002/src/context/AppContext.tsx
2025-08-08 18:31:53,837 - Knowledge - INFO - adding /app/data/b2c/4002/b8610md/react-note-app-4002/src/__tests__/context/AuthContext.test.tsx to ingest queue
2025-08-08 18:31:53,840 - Knowledge - INFO - worker kw21 pull /app/data/b2c/4002/b8610md/react-note-app-4002/src/__tests__/components/AppHeader.test.tsx from ingest queue
2025-08-08 18:31:53,840 - Knowledge - INFO - Thread kw21 - File AppHeader.test.tsx - Remaining files in queue: 13
2025-08-08 18:31:53,841 - Knowledge - INFO - start ingest for /app/data/b2c/4002/b8610md/react-note-app-4002/src/__tests__/components/AppHeader.test.tsx
2025-08-08 18:31:53,841 - Knowledge - INFO - worker kw22 pull /app/data/b2c/4002/b8610md/react-note-app-4002/src/components/Auth/Login.tsx from ingest queue
2025-08-08 18:31:53,841 - Knowledge - INFO - Thread kw22 - File Login.tsx - Remaining files in queue: 12
2025-08-08 18:31:53,841 - Knowledge - INFO - start ingest for /app/data/b2c/4002/b8610md/react-note-app-4002/src/components/Auth/Login.tsx
2025-08-08 18:31:53,842 - Knowledge - INFO - Found code-base-name: https://github.com/kavia-common/react-note-app-4002.git:kavia-master
2025-08-08 18:31:53,843 - Knowledge - INFO - Found code_base: <app.utils.kg_build.knowledge.KnowledgeCodeBase object at 0x7f68b80cf150>
2025-08-08 18:31:53,843 - Knowledge - INFO - persist ingested knowledge for /app/data/b2c/4002/b8610md/react-note-app-4002/src/components/AppFooter.tsx
2025-08-08 18:31:53,843 - Knowledge - INFO - Fast-track processing for simple file: /app/data/b2c/4002/b8610md/react-note-app-4002/src/context/AppContext.tsx
2025-08-08 18:31:53,843 - Knowledge - INFO - done fast ingest for /app/data/b2c/4002/b8610md/react-note-app-4002/src/context/AppContext.tsx
2025-08-08 18:31:53,843 - Knowledge - INFO - Fast-track processing for simple file: /app/data/b2c/4002/b8610md/react-note-app-4002/src/components/About.tsx
2025-08-08 18:31:53,843 - Knowledge - INFO - done fast ingest for /app/data/b2c/4002/b8610md/react-note-app-4002/src/components/About.tsx
2025-08-08 18:31:53,844 - Knowledge - INFO - adding /app/data/b2c/4002/b8610md/react-note-app-4002/public/robots.txt to ingest queue
2025-08-08 18:31:53,844 - Knowledge - INFO - worker kw12 pull /app/data/b2c/4002/b8610md/react-note-app-4002/src/types/index.ts from ingest queue
2025-08-08 18:31:53,844 - Knowledge - INFO - Thread kw12 - File index.ts - Remaining files in queue: 12
2025-08-08 18:31:53,844 - Knowledge - INFO - start ingest for /app/data/b2c/4002/b8610md/react-note-app-4002/src/types/index.ts
2025-08-08 18:31:53,851 - Knowledge - INFO - worker kw6 pull /app/data/b2c/4002/b8610md/react-note-app-4002/src/context/AuthContext.tsx from ingest queue
2025-08-08 18:31:53,851 - Knowledge - INFO - Thread kw6 - File AuthContext.tsx - Remaining files in queue: 11
2025-08-08 18:31:53,851 - Knowledge - INFO - start ingest for /app/data/b2c/4002/b8610md/react-note-app-4002/src/context/AuthContext.tsx
2025-08-08 18:31:53,852 - Knowledge - INFO - worker kw16 pull /app/data/b2c/4002/b8610md/react-note-app-4002/src/components/Home.tsx from ingest queue
2025-08-08 18:31:53,852 - Knowledge - INFO - Thread kw16 - File Home.tsx - Remaining files in queue: 10
2025-08-08 18:31:53,852 - Knowledge - INFO - start ingest for /app/data/b2c/4002/b8610md/react-note-app-4002/src/components/Home.tsx
2025-08-08 18:31:53,853 - Knowledge - INFO - worker kw4 pull /app/data/b2c/4002/b8610md/react-note-app-4002/src/__tests__/components/AppFooter.test.tsx from ingest queue
2025-08-08 18:31:53,853 - Knowledge - INFO - Thread kw4 - File AppFooter.test.tsx - Remaining files in queue: 9
2025-08-08 18:31:53,853 - Knowledge - INFO - start ingest for /app/data/b2c/4002/b8610md/react-note-app-4002/src/__tests__/components/AppFooter.test.tsx
2025-08-08 18:31:53,853 - Knowledge - INFO - Fast-track processing for simple file: /app/data/b2c/4002/b8610md/react-note-app-4002/src/types/index.ts
2025-08-08 18:31:53,853 - Knowledge - INFO - done fast ingest for /app/data/b2c/4002/b8610md/react-note-app-4002/src/types/index.ts
2025-08-08 18:31:53,855 - Knowledge - INFO - Fast-track processing for simple file: /app/data/b2c/4002/b8610md/react-note-app-4002/src/components/Auth/Login.tsx
2025-08-08 18:31:53,855 - Knowledge - INFO - done fast ingest for /app/data/b2c/4002/b8610md/react-note-app-4002/src/components/Auth/Login.tsx
2025-08-08 18:31:53,861 - Knowledge - INFO - Fast-track processing for simple file: /app/data/b2c/4002/b8610md/react-note-app-4002/src/__tests__/components/AppFooter.test.tsx
2025-08-08 18:31:53,861 - Knowledge - INFO - done fast ingest for /app/data/b2c/4002/b8610md/react-note-app-4002/src/__tests__/components/AppFooter.test.tsx
2025-08-08 18:31:53,902 - Knowledge - INFO - Fast-track processing for simple file: /app/data/b2c/4002/b8610md/react-note-app-4002/src/components/Home.tsx
2025-08-08 18:31:53,902 - Knowledge - INFO - done fast ingest for /app/data/b2c/4002/b8610md/react-note-app-4002/src/components/Home.tsx
2025-08-08 18:31:53,902 - Knowledge - INFO - process ingested knowledge for /app/data/b2c/4002/b8610md/react-note-app-4002/src/components/Auth/Login.tsx
2025-08-08 18:31:53,903 - Knowledge - INFO - process ingested knowledge for /app/data/b2c/4002/b8610md/react-note-app-4002/src/context/AppContext.tsx
2025-08-08 18:31:53,903 - Knowledge - INFO - process ingested knowledge for /app/data/b2c/4002/b8610md/react-note-app-4002/src/components/About.tsx
2025-08-08 18:31:53,903 - Knowledge - INFO - process ingested knowledge for /app/data/b2c/4002/b8610md/react-note-app-4002/src/types/index.ts
2025-08-08 18:31:53,924 - Knowledge - INFO - process ingested knowledge for /app/data/b2c/4002/b8610md/react-note-app-4002/src/__tests__/components/AppFooter.test.tsx
2025-08-08 18:31:53,925 - Knowledge - INFO - process ingested knowledge for /app/data/b2c/4002/b8610md/react-note-app-4002/src/components/Home.tsx
2025-08-08 18:31:54,093 - Knowledge - INFO - worker kw20 pull /app/data/b2c/4002/b8610md/react-note-app-4002/tslint.json from ingest queue
2025-08-08 18:31:54,093 - Knowledge - INFO - Thread kw20 - File tslint.json - Remaining files in queue: 8
2025-08-08 18:31:54,093 - Knowledge - INFO - start ingest for /app/data/b2c/4002/b8610md/react-note-app-4002/tslint.json
2025-08-08 18:31:54,094 - Knowledge - INFO - worker kw25 pull /app/data/b2c/4002/b8610md/react-note-app-4002/tsconfig.json from ingest queue
2025-08-08 18:31:54,094 - Knowledge - INFO - Thread kw25 - File tsconfig.json - Remaining files in queue: 7
2025-08-08 18:31:54,094 - Knowledge - INFO - start ingest for /app/data/b2c/4002/b8610md/react-note-app-4002/tsconfig.json
2025-08-08 18:31:54,094 - Knowledge - INFO - adding /app/data/b2c/4002/b8610md/react-note-app-4002/public/manifest.json to ingest queue
2025-08-08 18:31:54,095 - Knowledge - INFO - worker kw2 pull /app/data/b2c/4002/b8610md/react-note-app-4002/public/index.html from ingest queue
2025-08-08 18:31:54,095 - Knowledge - INFO - Thread kw2 - File index.html - Remaining files in queue: 7
2025-08-08 18:31:54,095 - Knowledge - INFO - start ingest for /app/data/b2c/4002/b8610md/react-note-app-4002/public/index.html
2025-08-08 18:31:54,095 - Knowledge - INFO - worker kw10 pull /app/data/b2c/4002/b8610md/react-note-app-4002/tailwind.config.js from ingest queue
2025-08-08 18:31:54,095 - Knowledge - INFO - Thread kw10 - File tailwind.config.js - Remaining files in queue: 6
2025-08-08 18:31:54,095 - Knowledge - INFO - start ingest for /app/data/b2c/4002/b8610md/react-note-app-4002/tailwind.config.js
2025-08-08 18:31:54,097 - Knowledge - INFO - worker kw14 pull /app/data/b2c/4002/b8610md/react-note-app-4002/src/tailwind.css from ingest queue
2025-08-08 18:31:54,097 - Knowledge - INFO - Thread kw14 - File tailwind.css - Remaining files in queue: 5
2025-08-08 18:31:54,102 - Knowledge - INFO - Fast-track processing for simple file: /app/data/b2c/4002/b8610md/react-note-app-4002/tslint.json
2025-08-08 18:31:54,102 - Knowledge - INFO - done fast ingest for /app/data/b2c/4002/b8610md/react-note-app-4002/tslint.json
2025-08-08 18:31:54,102 - Knowledge - INFO - process ingested knowledge for /app/data/b2c/4002/b8610md/react-note-app-4002/tslint.json
2025-08-08 18:31:54,109 - Knowledge - INFO - start ingest for /app/data/b2c/4002/b8610md/react-note-app-4002/src/tailwind.css
2025-08-08 18:31:54,111 - Knowledge - INFO - Fast-track processing for simple file: /app/data/b2c/4002/b8610md/react-note-app-4002/tailwind.config.js
2025-08-08 18:31:54,111 - Knowledge - INFO - done fast ingest for /app/data/b2c/4002/b8610md/react-note-app-4002/tailwind.config.js
2025-08-08 18:31:54,117 - Knowledge - INFO - Fast-track processing for simple file: /app/data/b2c/4002/b8610md/react-note-app-4002/src/tailwind.css
2025-08-08 18:31:54,118 - Knowledge - INFO - done fast ingest for /app/data/b2c/4002/b8610md/react-note-app-4002/src/tailwind.css
2025-08-08 18:31:54,118 - Knowledge - INFO - process ingested knowledge for /app/data/b2c/4002/b8610md/react-note-app-4002/src/tailwind.css
2025-08-08 18:31:54,119 - Knowledge - INFO - Fast-track processing for simple file: /app/data/b2c/4002/b8610md/react-note-app-4002/tsconfig.json
2025-08-08 18:31:54,120 - Knowledge - INFO - done fast ingest for /app/data/b2c/4002/b8610md/react-note-app-4002/tsconfig.json
2025-08-08 18:31:54,120 - Knowledge - INFO - process ingested knowledge for /app/data/b2c/4002/b8610md/react-note-app-4002/tsconfig.json
2025-08-08 18:31:54,137 - Knowledge - INFO - process ingested knowledge for /app/data/b2c/4002/b8610md/react-note-app-4002/tailwind.config.js
2025-08-08 18:31:54,218 - Knowledge - INFO - Found code-base-name: https://github.com/kavia-common/react-note-app-4002.git:kavia-master
2025-08-08 18:31:54,218 - Knowledge - INFO - Found code_base: <app.utils.kg_build.knowledge.KnowledgeCodeBase object at 0x7f68b80cf150>
2025-08-08 18:31:54,218 - Knowledge - INFO - persist ingested knowledge for /app/data/b2c/4002/b8610md/react-note-app-4002/src/context/AppContext.tsx
2025-08-08 18:31:54,218 - Knowledge - INFO - Found code-base-name: https://github.com/kavia-common/react-note-app-4002.git:kavia-master
2025-08-08 18:31:54,218 - Knowledge - INFO - Found code_base: <app.utils.kg_build.knowledge.KnowledgeCodeBase object at 0x7f68b80cf150>
2025-08-08 18:31:54,218 - Knowledge - INFO - persist ingested knowledge for /app/data/b2c/4002/b8610md/react-note-app-4002/src/types/index.ts
2025-08-08 18:31:54,219 - Knowledge - INFO - Found code-base-name: https://github.com/kavia-common/react-note-app-4002.git:kavia-master
2025-08-08 18:31:54,219 - Knowledge - INFO - Found code_base: <app.utils.kg_build.knowledge.KnowledgeCodeBase object at 0x7f68b80cf150>
2025-08-08 18:31:54,219 - Knowledge - INFO - persist ingested knowledge for /app/data/b2c/4002/b8610md/react-note-app-4002/src/__tests__/components/AppFooter.test.tsx
2025-08-08 18:31:54,219 - Knowledge - INFO - Found code-base-name: https://github.com/kavia-common/react-note-app-4002.git:kavia-master
2025-08-08 18:31:54,219 - Knowledge - INFO - Found code_base: <app.utils.kg_build.knowledge.KnowledgeCodeBase object at 0x7f68b80cf150>
2025-08-08 18:31:54,219 - Knowledge - INFO - persist ingested knowledge for /app/data/b2c/4002/b8610md/react-note-app-4002/src/components/Home.tsx
2025-08-08 18:31:54,220 - Knowledge - INFO - worker kw11 pull /app/data/b2c/4002/b8610md/react-note-app-4002/package.json from ingest queue
2025-08-08 18:31:54,220 - Knowledge - INFO - Thread kw11 - File package.json - Remaining files in queue: 4
2025-08-08 18:31:54,220 - Knowledge - INFO - start ingest for /app/data/b2c/4002/b8610md/react-note-app-4002/package.json
2025-08-08 18:31:54,220 - Knowledge - INFO - worker kw24 pull /app/data/b2c/4002/b8610md/react-note-app-4002/README.md from ingest queue
2025-08-08 18:31:54,221 - Knowledge - INFO - Thread kw24 - File README.md - Remaining files in queue: 3
2025-08-08 18:31:54,221 - Knowledge - INFO - start ingest for /app/data/b2c/4002/b8610md/react-note-app-4002/README.md
2025-08-08 18:31:54,221 - Knowledge - INFO - worker kw23 pull /app/data/b2c/4002/b8610md/react-note-app-4002/src/__tests__/context/AuthContext.test.tsx from ingest queue
2025-08-08 18:31:54,222 - Knowledge - INFO - Thread kw23 - File AuthContext.test.tsx - Remaining files in queue: 2
2025-08-08 18:31:54,223 - Knowledge - INFO - start ingest for /app/data/b2c/4002/b8610md/react-note-app-4002/src/__tests__/context/AuthContext.test.tsx
2025-08-08 18:31:54,223 - Knowledge - INFO - Found code-base-name: https://github.com/kavia-common/react-note-app-4002.git:kavia-master
2025-08-08 18:31:54,223 - Knowledge - INFO - Found code_base: <app.utils.kg_build.knowledge.KnowledgeCodeBase object at 0x7f68b80cf150>
2025-08-08 18:31:54,223 - Knowledge - INFO - persist ingested knowledge for /app/data/b2c/4002/b8610md/react-note-app-4002/src/components/Auth/Login.tsx
2025-08-08 18:31:54,224 - Knowledge - INFO - Found code-base-name: https://github.com/kavia-common/react-note-app-4002.git:kavia-master
2025-08-08 18:31:54,224 - Knowledge - INFO - Found code_base: <app.utils.kg_build.knowledge.KnowledgeCodeBase object at 0x7f68b80cf150>
2025-08-08 18:31:54,224 - Knowledge - INFO - persist ingested knowledge for /app/data/b2c/4002/b8610md/react-note-app-4002/src/tailwind.css
2025-08-08 18:31:54,224 - Knowledge - INFO - Fast-track processing for simple file: /app/data/b2c/4002/b8610md/react-note-app-4002/README.md
2025-08-08 18:31:54,224 - Knowledge - INFO - done fast ingest for /app/data/b2c/4002/b8610md/react-note-app-4002/README.md
2025-08-08 18:31:54,224 - Knowledge - INFO - process ingested knowledge for /app/data/b2c/4002/b8610md/react-note-app-4002/README.md
2025-08-08 18:31:54,225 - Knowledge - INFO - Found code-base-name: https://github.com/kavia-common/react-note-app-4002.git:kavia-master
2025-08-08 18:31:54,225 - Knowledge - INFO - Found code_base: <app.utils.kg_build.knowledge.KnowledgeCodeBase object at 0x7f68b80cf150>
2025-08-08 18:31:54,225 - Knowledge - INFO - persist ingested knowledge for /app/data/b2c/4002/b8610md/react-note-app-4002/tsconfig.json
2025-08-08 18:31:54,225 - Knowledge - INFO - Found code-base-name: https://github.com/kavia-common/react-note-app-4002.git:kavia-master
2025-08-08 18:31:54,226 - Knowledge - INFO - Found code_base: <app.utils.kg_build.knowledge.KnowledgeCodeBase object at 0x7f68b80cf150>
2025-08-08 18:31:54,226 - Knowledge - INFO - persist ingested knowledge for /app/data/b2c/4002/b8610md/react-note-app-4002/tailwind.config.js
2025-08-08 18:31:54,227 - Knowledge - INFO - Found code-base-name: https://github.com/kavia-common/react-note-app-4002.git:kavia-master
2025-08-08 18:31:54,227 - Knowledge - INFO - Found code_base: <app.utils.kg_build.knowledge.KnowledgeCodeBase object at 0x7f68b80cf150>
2025-08-08 18:31:54,227 - Knowledge - INFO - persist ingested knowledge for /app/data/b2c/4002/b8610md/react-note-app-4002/src/components/About.tsx
2025-08-08 18:31:54,227 - Knowledge - INFO - Fast-track processing for simple file: /app/data/b2c/4002/b8610md/react-note-app-4002/package.json
2025-08-08 18:31:54,227 - Knowledge - INFO - done fast ingest for /app/data/b2c/4002/b8610md/react-note-app-4002/package.json
2025-08-08 18:31:54,228 - Knowledge - INFO - process ingested knowledge for /app/data/b2c/4002/b8610md/react-note-app-4002/package.json
2025-08-08 18:31:54,228 - Knowledge - INFO - worker kw13 pull /app/data/b2c/4002/b8610md/react-note-app-4002/public/robots.txt from ingest queue
2025-08-08 18:31:54,228 - Knowledge - INFO - Thread kw13 - File robots.txt - Remaining files in queue: 1
2025-08-08 18:31:54,229 - Knowledge - INFO - start ingest for /app/data/b2c/4002/b8610md/react-note-app-4002/public/robots.txt
2025-08-08 18:31:54,231 - Knowledge - INFO - Fast-track processing for simple file: /app/data/b2c/4002/b8610md/react-note-app-4002/public/robots.txt
2025-08-08 18:31:54,231 - Knowledge - INFO - done fast ingest for /app/data/b2c/4002/b8610md/react-note-app-4002/public/robots.txt
2025-08-08 18:31:54,231 - Knowledge - INFO - process ingested knowledge for /app/data/b2c/4002/b8610md/react-note-app-4002/public/robots.txt
2025-08-08 18:31:54,506 - Knowledge - INFO - worker kw19 pull /app/data/b2c/4002/b8610md/react-note-app-4002/public/manifest.json from ingest queue
2025-08-08 18:31:54,507 - Knowledge - INFO - Thread kw19 - File manifest.json - Remaining files in queue: 0
2025-08-08 18:31:54,507 - Knowledge - INFO - start ingest for /app/data/b2c/4002/b8610md/react-note-app-4002/public/manifest.json
2025-08-08 18:31:54,515 - Knowledge - INFO - Fast-track processing for simple file: /app/data/b2c/4002/b8610md/react-note-app-4002/public/manifest.json
2025-08-08 18:31:54,515 - Knowledge - INFO - done fast ingest for /app/data/b2c/4002/b8610md/react-note-app-4002/public/manifest.json
2025-08-08 18:31:54,515 - Knowledge - INFO - process ingested knowledge for /app/data/b2c/4002/b8610md/react-note-app-4002/public/manifest.json
2025-08-08 18:31:55,236 - Knowledge - INFO - Found code-base-name: https://github.com/kavia-common/react-note-app-4002.git:kavia-master
2025-08-08 18:31:55,236 - Knowledge - INFO - Found code_base: <app.utils.kg_build.knowledge.KnowledgeCodeBase object at 0x7f68b80cf150>
2025-08-08 18:31:55,236 - Knowledge - INFO - persist ingested knowledge for /app/data/b2c/4002/b8610md/react-note-app-4002/package.json
2025-08-08 18:31:55,511 - Knowledge - INFO - Found code-base-name: https://github.com/kavia-common/react-note-app-4002.git:kavia-master
2025-08-08 18:31:55,511 - Knowledge - INFO - Found code_base: <app.utils.kg_build.knowledge.KnowledgeCodeBase object at 0x7f68b80cf150>
2025-08-08 18:31:55,512 - Knowledge - INFO - persist ingested knowledge for /app/data/b2c/4002/b8610md/react-note-app-4002/public/manifest.json
2025-08-08 18:31:56,246 - Knowledge - INFO - Found code-base-name: https://github.com/kavia-common/react-note-app-4002.git:kavia-master
2025-08-08 18:31:56,246 - Knowledge - INFO - Found code_base: <app.utils.kg_build.knowledge.KnowledgeCodeBase object at 0x7f68b80cf150>
2025-08-08 18:31:56,246 - Knowledge - INFO - persist ingested knowledge for /app/data/b2c/4002/b8610md/react-note-app-4002/README.md
2025-08-08 18:31:56,542 - Knowledge - INFO - Found code-base-name: https://github.com/kavia-common/react-note-app-4002.git:kavia-master
2025-08-08 18:31:56,542 - Knowledge - INFO - Found code_base: <app.utils.kg_build.knowledge.KnowledgeCodeBase object at 0x7f68b80cf150>
2025-08-08 18:31:56,542 - Knowledge - INFO - persist ingested knowledge for /app/data/b2c/4002/b8610md/react-note-app-4002/tslint.json
2025-08-08 18:31:56,798 - Knowledge - INFO - Found code-base-name: https://github.com/kavia-common/react-note-app-4002.git:kavia-master
2025-08-08 18:31:56,798 - Knowledge - INFO - Found code_base: <app.utils.kg_build.knowledge.KnowledgeCodeBase object at 0x7f68b80cf150>
2025-08-08 18:31:56,798 - Knowledge - INFO - persist ingested knowledge for /app/data/b2c/4002/b8610md/react-note-app-4002/public/robots.txt
2025-08-08 18:31:57,830 - Knowledge - INFO - done ingest for /app/data/b2c/4002/b8610md/react-note-app-4002/public/index.html
2025-08-08 18:31:57,830 - Knowledge - INFO - process ingested knowledge for /app/data/b2c/4002/b8610md/react-note-app-4002/public/index.html
2025-08-08 18:31:57,860 - Knowledge - INFO - Found code-base-name: https://github.com/kavia-common/react-note-app-4002.git:kavia-master
2025-08-08 18:31:57,860 - Knowledge - INFO - Found code_base: <app.utils.kg_build.knowledge.KnowledgeCodeBase object at 0x7f68b80cf150>
2025-08-08 18:31:57,861 - Knowledge - INFO - persist ingested knowledge for /app/data/b2c/4002/b8610md/react-note-app-4002/public/index.html
2025-08-08 18:32:01,518 - Knowledge - INFO - done ingest for /app/data/b2c/4002/b8610md/react-note-app-4002/src/reducers/asyncReducer.ts
2025-08-08 18:32:01,603 - Knowledge - INFO - process ingested knowledge for /app/data/b2c/4002/b8610md/react-note-app-4002/src/reducers/asyncReducer.ts
2025-08-08 18:32:01,721 - Knowledge - INFO - Found code-base-name: https://github.com/kavia-common/react-note-app-4002.git:kavia-master
2025-08-08 18:32:01,722 - Knowledge - INFO - Found code_base: <app.utils.kg_build.knowledge.KnowledgeCodeBase object at 0x7f68b80cf150>
2025-08-08 18:32:01,722 - Knowledge - INFO - persist ingested knowledge for /app/data/b2c/4002/b8610md/react-note-app-4002/src/reducers/asyncReducer.ts
2025-08-08 18:32:01,853 - Knowledge - INFO - done ingest for /app/data/b2c/4002/b8610md/react-note-app-4002/src/mocks/index.ts
2025-08-08 18:32:01,906 - Knowledge - INFO - process ingested knowledge for /app/data/b2c/4002/b8610md/react-note-app-4002/src/mocks/index.ts
2025-08-08 18:32:03,014 - Knowledge - INFO - persist search terms embedding for src/reducers/asyncReducer.ts
2025-08-08 18:32:03,036 - Knowledge - INFO - Found code-base-name: https://github.com/kavia-common/react-note-app-4002.git:kavia-master
2025-08-08 18:32:03,036 - Knowledge - INFO - Found code_base: <app.utils.kg_build.knowledge.KnowledgeCodeBase object at 0x7f68b80cf150>
2025-08-08 18:32:03,036 - Knowledge - INFO - persist ingested knowledge for /app/data/b2c/4002/b8610md/react-note-app-4002/src/mocks/index.ts
2025-08-08 18:32:04,042 - Knowledge - INFO - done ingest for /app/data/b2c/4002/b8610md/react-note-app-4002/src/App.tsx
2025-08-08 18:32:04,114 - Knowledge - INFO - done ingest for /app/data/b2c/4002/b8610md/react-note-app-4002/src/components/AppHeader.tsx
2025-08-08 18:32:04,127 - Knowledge - INFO - done ingest for /app/data/b2c/4002/b8610md/react-note-app-4002/src/__tests__/context/AuthContext.test.tsx
2025-08-08 18:32:04,154 - Knowledge - INFO - process ingested knowledge for /app/data/b2c/4002/b8610md/react-note-app-4002/src/App.tsx
2025-08-08 18:32:04,158 - Knowledge - INFO - process ingested knowledge for /app/data/b2c/4002/b8610md/react-note-app-4002/src/components/AppHeader.tsx
2025-08-08 18:32:04,205 - Knowledge - INFO - process ingested knowledge for /app/data/b2c/4002/b8610md/react-note-app-4002/src/__tests__/context/AuthContext.test.tsx
2025-08-08 18:32:04,322 - Knowledge - INFO - persist search terms embedding for src/mocks/index.ts
2025-08-08 18:32:04,339 - Knowledge - INFO - done ingest for /app/data/b2c/4002/b8610md/react-note-app-4002/src/__tests__/components/AppHeader.test.tsx
2025-08-08 18:32:04,350 - Knowledge - INFO - Found code-base-name: https://github.com/kavia-common/react-note-app-4002.git:kavia-master
2025-08-08 18:32:04,350 - Knowledge - INFO - Found code_base: <app.utils.kg_build.knowledge.KnowledgeCodeBase object at 0x7f68b80cf150>
2025-08-08 18:32:04,350 - Knowledge - INFO - persist ingested knowledge for /app/data/b2c/4002/b8610md/react-note-app-4002/src/components/AppHeader.tsx
2025-08-08 18:32:04,422 - Knowledge - INFO - process ingested knowledge for /app/data/b2c/4002/b8610md/react-note-app-4002/src/__tests__/components/AppHeader.test.tsx
2025-08-08 18:32:04,430 - Knowledge - INFO - Found code-base-name: https://github.com/kavia-common/react-note-app-4002.git:kavia-master
2025-08-08 18:32:04,430 - Knowledge - INFO - Found code_base: <app.utils.kg_build.knowledge.KnowledgeCodeBase object at 0x7f68b80cf150>
2025-08-08 18:32:04,430 - Knowledge - INFO - persist ingested knowledge for /app/data/b2c/4002/b8610md/react-note-app-4002/src/__tests__/context/AuthContext.test.tsx
2025-08-08 18:32:05,014 - Knowledge - INFO - done ingest for /app/data/b2c/4002/b8610md/react-note-app-4002/src/context/AuthContext.tsx
2025-08-08 18:32:05,063 - Knowledge - INFO - process ingested knowledge for /app/data/b2c/4002/b8610md/react-note-app-4002/src/context/AuthContext.tsx
2025-08-08 18:32:05,539 - Knowledge - INFO - done ingest for /app/data/b2c/4002/b8610md/react-note-app-4002/src/components/Routes.tsx
2025-08-08 18:32:05,618 - Knowledge - INFO - persist search terms embedding for src/components/AppHeader.tsx
2025-08-08 18:32:05,624 - Knowledge - INFO - process ingested knowledge for /app/data/b2c/4002/b8610md/react-note-app-4002/src/components/Routes.tsx
2025-08-08 18:32:05,640 - Knowledge - INFO - done ingest for /app/data/b2c/4002/b8610md/react-note-app-4002/src/serviceWorker.ts
2025-08-08 18:32:05,650 - Knowledge - INFO - process ingested knowledge for /app/data/b2c/4002/b8610md/react-note-app-4002/src/serviceWorker.ts
2025-08-08 18:32:06,109 - Knowledge - INFO - persist search terms embedding for src/__tests__/context/AuthContext.test.tsx
2025-08-08 18:32:06,110 - Knowledge - INFO - Found code-base-name: https://github.com/kavia-common/react-note-app-4002.git:kavia-master
2025-08-08 18:32:06,111 - Knowledge - INFO - Found code_base: <app.utils.kg_build.knowledge.KnowledgeCodeBase object at 0x7f68b80cf150>
2025-08-08 18:32:06,111 - Knowledge - INFO - persist ingested knowledge for /app/data/b2c/4002/b8610md/react-note-app-4002/src/context/AuthContext.tsx
2025-08-08 18:32:06,111 - Knowledge - INFO - Found code-base-name: https://github.com/kavia-common/react-note-app-4002.git:kavia-master
2025-08-08 18:32:06,111 - Knowledge - INFO - Found code_base: <app.utils.kg_build.knowledge.KnowledgeCodeBase object at 0x7f68b80cf150>
2025-08-08 18:32:06,111 - Knowledge - INFO - persist ingested knowledge for /app/data/b2c/4002/b8610md/react-note-app-4002/src/serviceWorker.ts
2025-08-08 18:32:06,112 - Knowledge - INFO - Found code-base-name: https://github.com/kavia-common/react-note-app-4002.git:kavia-master
2025-08-08 18:32:06,112 - Knowledge - INFO - Found code_base: <app.utils.kg_build.knowledge.KnowledgeCodeBase object at 0x7f68b80cf150>
2025-08-08 18:32:06,112 - Knowledge - INFO - persist ingested knowledge for /app/data/b2c/4002/b8610md/react-note-app-4002/src/__tests__/components/AppHeader.test.tsx
2025-08-08 18:32:06,112 - Knowledge - INFO - Found code-base-name: https://github.com/kavia-common/react-note-app-4002.git:kavia-master
2025-08-08 18:32:06,113 - Knowledge - INFO - Found code_base: <app.utils.kg_build.knowledge.KnowledgeCodeBase object at 0x7f68b80cf150>
2025-08-08 18:32:06,113 - Knowledge - INFO - persist ingested knowledge for /app/data/b2c/4002/b8610md/react-note-app-4002/src/App.tsx
2025-08-08 18:32:06,410 - Knowledge - INFO - persist search terms embedding for src/serviceWorker.ts
2025-08-08 18:32:06,816 - Knowledge - INFO - persist search terms embedding for src/__tests__/components/AppHeader.test.tsx
2025-08-08 18:32:07,217 - Knowledge - INFO - persist search terms embedding for src/context/AuthContext.tsx
2025-08-08 18:32:07,219 - Knowledge - INFO - Found code-base-name: https://github.com/kavia-common/react-note-app-4002.git:kavia-master
2025-08-08 18:32:07,220 - Knowledge - INFO - Found code_base: <app.utils.kg_build.knowledge.KnowledgeCodeBase object at 0x7f68b80cf150>
2025-08-08 18:32:07,220 - Knowledge - INFO - persist ingested knowledge for /app/data/b2c/4002/b8610md/react-note-app-4002/src/components/Routes.tsx
2025-08-08 18:32:08,255 - Knowledge - INFO - persist search terms embedding for src/App.tsx
2025-08-08 18:32:08,838 - Knowledge - INFO - persist search terms embedding for src/components/Routes.tsx
2025-08-08 18:32:08,840 - Knowledge - INFO - Knowledge creation complete
2025-08-08 18:32:08,842 - Knowledge - INFO - Updating org costs, total cost: 0.002433
2025-08-08 18:32:09,540 - Knowledge - INFO - Saving knowledge to Redis...
2025-08-08 18:32:09,554 - Knowledge - INFO - Knowledge saved to Redis successfully
2025-08-08 19:07:05,039 - Knowledge - INFO - Redis support added with prefix knowledge:b8610md:
2025-08-08 19:07:05,351 - Knowledge - INFO - load persisted knowledge: begin
2025-08-08 19:07:05,696 - Knowledge - INFO - Persisted knowledge files in /app/data/b2c/4002/b8610md/react-note-app-4002/.knowledge have been renamed to use .json
2025-08-08 19:07:05,708 - Knowledge - INFO - Found code-base-name: https://github.com/kavia-common/react-note-app-4002.git:kavia-master
2025-08-08 19:07:05,709 - Knowledge - INFO - Found code_base: <app.utils.kg_build.knowledge.KnowledgeCodeBase object at 0x7fe6fb439210>
2025-08-08 19:07:05,709 - Knowledge - INFO - process ingested knowledge for /app/data/b2c/4002/b8610md/react-note-app-4002/src/mocks/index.ts
2025-08-08 19:07:05,714 - Knowledge - INFO - Found code-base-name: https://github.com/kavia-common/react-note-app-4002.git:kavia-master
2025-08-08 19:07:05,714 - Knowledge - INFO - Found code_base: <app.utils.kg_build.knowledge.KnowledgeCodeBase object at 0x7fe6fb439210>
2025-08-08 19:07:05,714 - Knowledge - INFO - process ingested knowledge for /app/data/b2c/4002/b8610md/react-note-app-4002/src/reducers/asyncReducer.ts
2025-08-08 19:07:05,734 - Knowledge - INFO - Found code-base-name: https://github.com/kavia-common/react-note-app-4002.git:kavia-master
2025-08-08 19:07:05,735 - Knowledge - INFO - Found code_base: <app.utils.kg_build.knowledge.KnowledgeCodeBase object at 0x7fe6fb439210>
2025-08-08 19:07:05,735 - Knowledge - INFO - process ingested knowledge for /app/data/b2c/4002/b8610md/react-note-app-4002/src/types/index.ts
2025-08-08 19:07:05,747 - Knowledge - INFO - Found code-base-name: https://github.com/kavia-common/react-note-app-4002.git:kavia-master
2025-08-08 19:07:05,747 - Knowledge - INFO - Found code_base: <app.utils.kg_build.knowledge.KnowledgeCodeBase object at 0x7fe6fb439210>
2025-08-08 19:07:05,747 - Knowledge - INFO - process ingested knowledge for /app/data/b2c/4002/b8610md/react-note-app-4002/src/components/About.tsx
2025-08-08 19:07:05,777 - Knowledge - INFO - Found code-base-name: https://github.com/kavia-common/react-note-app-4002.git:kavia-master
2025-08-08 19:07:05,777 - Knowledge - INFO - Found code_base: <app.utils.kg_build.knowledge.KnowledgeCodeBase object at 0x7fe6fb439210>
2025-08-08 19:07:05,777 - Knowledge - INFO - process ingested knowledge for /app/data/b2c/4002/b8610md/react-note-app-4002/package.json
2025-08-08 19:07:05,821 - Knowledge - INFO - Found code-base-name: https://github.com/kavia-common/react-note-app-4002.git:kavia-master
2025-08-08 19:07:05,822 - Knowledge - INFO - Found code_base: <app.utils.kg_build.knowledge.KnowledgeCodeBase object at 0x7fe6fb439210>
2025-08-08 19:07:05,822 - Knowledge - INFO - process ingested knowledge for /app/data/b2c/4002/b8610md/react-note-app-4002/src/index.tsx
2025-08-08 19:07:05,856 - Knowledge - INFO - Found code-base-name: https://github.com/kavia-common/react-note-app-4002.git:kavia-master
2025-08-08 19:07:05,856 - Knowledge - INFO - Found code_base: <app.utils.kg_build.knowledge.KnowledgeCodeBase object at 0x7fe6fb439210>
2025-08-08 19:07:05,856 - Knowledge - INFO - process ingested knowledge for /app/data/b2c/4002/b8610md/react-note-app-4002/src/components/Home.tsx
2025-08-08 19:07:05,865 - Knowledge - INFO - Found code-base-name: https://github.com/kavia-common/react-note-app-4002.git:kavia-master
2025-08-08 19:07:05,866 - Knowledge - INFO - Found code_base: <app.utils.kg_build.knowledge.KnowledgeCodeBase object at 0x7fe6fb439210>
2025-08-08 19:07:05,866 - Knowledge - INFO - process ingested knowledge for /app/data/b2c/4002/b8610md/react-note-app-4002/src/tailwind.css
2025-08-08 19:07:05,885 - Knowledge - INFO - Found code-base-name: https://github.com/kavia-common/react-note-app-4002.git:kavia-master
2025-08-08 19:07:05,885 - Knowledge - INFO - Found code_base: <app.utils.kg_build.knowledge.KnowledgeCodeBase object at 0x7fe6fb439210>
2025-08-08 19:07:05,885 - Knowledge - INFO - process ingested knowledge for /app/data/b2c/4002/b8610md/react-note-app-4002/tslint.json
2025-08-08 19:07:05,891 - Knowledge - INFO - Found code-base-name: https://github.com/kavia-common/react-note-app-4002.git:kavia-master
2025-08-08 19:07:05,891 - Knowledge - INFO - Found code_base: <app.utils.kg_build.knowledge.KnowledgeCodeBase object at 0x7fe6fb439210>
2025-08-08 19:07:05,892 - Knowledge - INFO - process ingested knowledge for /app/data/b2c/4002/b8610md/react-note-app-4002/src/context/AppContext.tsx
2025-08-08 19:07:05,899 - Knowledge - INFO - Found code-base-name: https://github.com/kavia-common/react-note-app-4002.git:kavia-master
2025-08-08 19:07:05,899 - Knowledge - INFO - Found code_base: <app.utils.kg_build.knowledge.KnowledgeCodeBase object at 0x7fe6fb439210>
2025-08-08 19:07:05,900 - Knowledge - INFO - process ingested knowledge for /app/data/b2c/4002/b8610md/react-note-app-4002/src/react-app-env.d.ts
2025-08-08 19:07:05,919 - Knowledge - INFO - Found code-base-name: https://github.com/kavia-common/react-note-app-4002.git:kavia-master
2025-08-08 19:07:05,919 - Knowledge - INFO - Found code_base: <app.utils.kg_build.knowledge.KnowledgeCodeBase object at 0x7fe6fb439210>
2025-08-08 19:07:05,919 - Knowledge - INFO - process ingested knowledge for /app/data/b2c/4002/b8610md/react-note-app-4002/public/index.html
2025-08-08 19:07:05,933 - Knowledge - INFO - Found code-base-name: https://github.com/kavia-common/react-note-app-4002.git:kavia-master
2025-08-08 19:07:05,933 - Knowledge - INFO - Found code_base: <app.utils.kg_build.knowledge.KnowledgeCodeBase object at 0x7fe6fb439210>
2025-08-08 19:07:05,934 - Knowledge - INFO - process ingested knowledge for /app/data/b2c/4002/b8610md/react-note-app-4002/src/components/AppFooter.tsx
2025-08-08 19:07:05,942 - Knowledge - INFO - Found code-base-name: https://github.com/kavia-common/react-note-app-4002.git:kavia-master
2025-08-08 19:07:05,942 - Knowledge - INFO - Found code_base: <app.utils.kg_build.knowledge.KnowledgeCodeBase object at 0x7fe6fb439210>
2025-08-08 19:07:05,942 - Knowledge - INFO - process ingested knowledge for /app/data/b2c/4002/b8610md/react-note-app-4002/public/manifest.json
2025-08-08 19:07:05,952 - Knowledge - INFO - Found code-base-name: https://github.com/kavia-common/react-note-app-4002.git:kavia-master
2025-08-08 19:07:05,952 - Knowledge - INFO - Found code_base: <app.utils.kg_build.knowledge.KnowledgeCodeBase object at 0x7fe6fb439210>
2025-08-08 19:07:05,952 - Knowledge - INFO - process ingested knowledge for /app/data/b2c/4002/b8610md/react-note-app-4002/src/__tests__/components/AppFooter.test.tsx
2025-08-08 19:07:05,958 - Knowledge - INFO - Found code-base-name: https://github.com/kavia-common/react-note-app-4002.git:kavia-master
2025-08-08 19:07:05,958 - Knowledge - INFO - Found code_base: <app.utils.kg_build.knowledge.KnowledgeCodeBase object at 0x7fe6fb439210>
2025-08-08 19:07:05,958 - Knowledge - INFO - process ingested knowledge for /app/data/b2c/4002/b8610md/react-note-app-4002/src/App.tsx
2025-08-08 19:07:05,968 - Knowledge - INFO - Found code-base-name: https://github.com/kavia-common/react-note-app-4002.git:kavia-master
2025-08-08 19:07:05,968 - Knowledge - INFO - Found code_base: <app.utils.kg_build.knowledge.KnowledgeCodeBase object at 0x7fe6fb439210>
2025-08-08 19:07:05,969 - Knowledge - INFO - process ingested knowledge for /app/data/b2c/4002/b8610md/react-note-app-4002/public/robots.txt
2025-08-08 19:07:05,978 - Knowledge - INFO - Found code-base-name: https://github.com/kavia-common/react-note-app-4002.git:kavia-master
2025-08-08 19:07:05,979 - Knowledge - INFO - Found code_base: <app.utils.kg_build.knowledge.KnowledgeCodeBase object at 0x7fe6fb439210>
2025-08-08 19:07:05,979 - Knowledge - INFO - process ingested knowledge for /app/data/b2c/4002/b8610md/react-note-app-4002/README.md
2025-08-08 19:07:05,989 - Knowledge - INFO - Found code-base-name: https://github.com/kavia-common/react-note-app-4002.git:kavia-master
2025-08-08 19:07:05,989 - Knowledge - INFO - Found code_base: <app.utils.kg_build.knowledge.KnowledgeCodeBase object at 0x7fe6fb439210>
2025-08-08 19:07:05,989 - Knowledge - INFO - process ingested knowledge for /app/data/b2c/4002/b8610md/react-note-app-4002/tsconfig.json
2025-08-08 19:07:05,995 - Knowledge - INFO - Found code-base-name: https://github.com/kavia-common/react-note-app-4002.git:kavia-master
2025-08-08 19:07:05,995 - Knowledge - INFO - Found code_base: <app.utils.kg_build.knowledge.KnowledgeCodeBase object at 0x7fe6fb439210>
2025-08-08 19:07:05,995 - Knowledge - INFO - process ingested knowledge for /app/data/b2c/4002/b8610md/react-note-app-4002/src/components/Auth/Login.tsx
2025-08-08 19:07:06,004 - Knowledge - INFO - Found code-base-name: https://github.com/kavia-common/react-note-app-4002.git:kavia-master
2025-08-08 19:07:06,005 - Knowledge - INFO - Found code_base: <app.utils.kg_build.knowledge.KnowledgeCodeBase object at 0x7fe6fb439210>
2025-08-08 19:07:06,005 - Knowledge - INFO - process ingested knowledge for /app/data/b2c/4002/b8610md/react-note-app-4002/src/components/AppHeader.tsx
2025-08-08 19:07:06,029 - Knowledge - INFO - Found code-base-name: https://github.com/kavia-common/react-note-app-4002.git:kavia-master
2025-08-08 19:07:06,029 - Knowledge - INFO - Found code_base: <app.utils.kg_build.knowledge.KnowledgeCodeBase object at 0x7fe6fb439210>
2025-08-08 19:07:06,029 - Knowledge - INFO - process ingested knowledge for /app/data/b2c/4002/b8610md/react-note-app-4002/src/__tests__/context/AuthContext.test.tsx
2025-08-08 19:07:06,035 - Knowledge - INFO - Found code-base-name: https://github.com/kavia-common/react-note-app-4002.git:kavia-master
2025-08-08 19:07:06,035 - Knowledge - INFO - Found code_base: <app.utils.kg_build.knowledge.KnowledgeCodeBase object at 0x7fe6fb439210>
2025-08-08 19:07:06,035 - Knowledge - INFO - process ingested knowledge for /app/data/b2c/4002/b8610md/react-note-app-4002/src/components/Routes.tsx
2025-08-08 19:07:06,044 - Knowledge - INFO - Found code-base-name: https://github.com/kavia-common/react-note-app-4002.git:kavia-master
2025-08-08 19:07:06,045 - Knowledge - INFO - Found code_base: <app.utils.kg_build.knowledge.KnowledgeCodeBase object at 0x7fe6fb439210>
2025-08-08 19:07:06,045 - Knowledge - INFO - process ingested knowledge for /app/data/b2c/4002/b8610md/react-note-app-4002/tailwind.config.js
2025-08-08 19:07:06,052 - Knowledge - INFO - Found code-base-name: https://github.com/kavia-common/react-note-app-4002.git:kavia-master
2025-08-08 19:07:06,052 - Knowledge - INFO - Found code_base: <app.utils.kg_build.knowledge.KnowledgeCodeBase object at 0x7fe6fb439210>
2025-08-08 19:07:06,053 - Knowledge - INFO - process ingested knowledge for /app/data/b2c/4002/b8610md/react-note-app-4002/src/serviceWorker.ts
2025-08-08 19:07:06,063 - Knowledge - INFO - Found code-base-name: https://github.com/kavia-common/react-note-app-4002.git:kavia-master
2025-08-08 19:07:06,063 - Knowledge - INFO - Found code_base: <app.utils.kg_build.knowledge.KnowledgeCodeBase object at 0x7fe6fb439210>
2025-08-08 19:07:06,063 - Knowledge - INFO - process ingested knowledge for /app/data/b2c/4002/b8610md/react-note-app-4002/src/context/AuthContext.tsx
2025-08-08 19:07:06,074 - Knowledge - INFO - Found code-base-name: https://github.com/kavia-common/react-note-app-4002.git:kavia-master
2025-08-08 19:07:06,074 - Knowledge - INFO - Found code_base: <app.utils.kg_build.knowledge.KnowledgeCodeBase object at 0x7fe6fb439210>
2025-08-08 19:07:06,075 - Knowledge - INFO - process ingested knowledge for /app/data/b2c/4002/b8610md/react-note-app-4002/src/__tests__/components/AppHeader.test.tsx
2025-08-08 19:07:06,079 - Knowledge - INFO - load persisted knowledge: end
2025-08-08 19:07:06,079 - Knowledge - INFO - load persisted docinfo: begin
2025-08-08 19:07:06,080 - Knowledge - INFO - load persisted docinfo: end
2025-08-08 19:07:06,154 - Knowledge - INFO - worker kw1 created with dedicated MongoDB connection (total: 1)
2025-08-08 19:07:06,156 - Knowledge - INFO - knowledge worker kw1 start
2025-08-08 19:07:06,167 - Knowledge - INFO - Knowledge creation complete
2025-08-08 19:07:06,171 - Knowledge - INFO - Updating org costs, total cost: 0
2025-08-08 19:07:06,180 - Knowledge - INFO - Saving knowledge to Redis...
2025-08-08 19:07:06,203 - Knowledge - INFO - Knowledge saved to Redis successfully
